{
    "sarscov2 - fastq - pe - stub": {
        "content": [
            {
                "bai": [
                    [
                        {
                            "id": "test",
                            "single_end": false
                        },
                        "test.bam.bai:md5,d41d8cd98f00b204e9800998ecf8427e"
                    ]
                ],
                "bam": [
                    [
                        {
                            "id": "test",
                            "single_end": false
                        },
                        "test.bam:md5,d41d8cd98f00b204e9800998ecf8427e"
                    ]
                ],
                "versions_parabricks": [
                    [
                        "PARABRICKS_GIRAFFE",
                        "parabricks",
                        "4.6.0-1"
                    ]
                ]
            }
        ],
        "meta": {
            "nf-test": "0.9.3",
            "nextflow": "25.10.4"
        },
        "timestamp": "2026-04-27T13:01:37.191467031"
    },
    "sarscov2 - fastq - se - stub": {
        "content": [
            {
                "bai": [
                    [
                        {
                            "id": "test",
                            "single_end": true
                        },
                        "test.bam.bai:md5,d41d8cd98f00b204e9800998ecf8427e"
                    ]
                ],
                "bam": [
                    [
                        {
                            "id": "test",
                            "single_end": true
                        },
                        "test.bam:md5,d41d8cd98f00b204e9800998ecf8427e"
                    ]
                ],
                "versions_parabricks": [
                    [
                        "PARABRICKS_GIRAFFE",
                        "parabricks",
                        "4.6.0-1"
                    ]
                ]
            }
        ],
        "meta": {
            "nf-test": "0.9.3",
            "nextflow": "25.10.4"
        },
        "timestamp": "2026-04-27T13:01:45.246160717"
    }
}